current directory: /home/runner/work/word-to-markdown/word-to-markdown/vendor/bundle/ruby/3.2.0/gems/json-2.15.1/ext/json/ext/parser
/usr/bin/ruby3.2 -I/usr/lib/ruby/vendor_ruby extconf.rb
checking for rb_enc_interned_str() in ruby/encoding.h... yes
checking for rb_hash_new_capa() in ruby.h... yes
checking for rb_hash_bulk_insert() in ruby.h... yes
checking for strnlen() in string.h... yes
checking for whether -std=c99 is accepted as CFLAGS... yes
checking for x86intrin.h... yes
checking for cpuid.h... yes
creating Makefile

current directory: /home/runner/work/word-to-markdown/word-to-markdown/vendor/bundle/ruby/3.2.0/gems/json-2.15.1/ext/json/ext/parser
make DESTDIR\= sitearchdir\=./.gem.20251021-3460-egpto2 sitelibdir\=./.gem.20251021-3460-egpto2 clean

current directory: /home/runner/work/word-to-markdown/word-to-markdown/vendor/bundle/ruby/3.2.0/gems/json-2.15.1/ext/json/ext/parser
make DESTDIR\= sitearchdir\=./.gem.20251021-3460-egpto2 sitelibdir\=./.gem.20251021-3460-egpto2
compiling parser.c
linking shared-object json/ext/parser.so

current directory: /home/runner/work/word-to-markdown/word-to-markdown/vendor/bundle/ruby/3.2.0/gems/json-2.15.1/ext/json/ext/parser
make DESTDIR\= sitearchdir\=./.gem.20251021-3460-egpto2 sitelibdir\=./.gem.20251021-3460-egpto2 install
/usr/bin/install -c -m 0755 parser.so ./.gem.20251021-3460-egpto2/json/ext

current directory: /home/runner/work/word-to-markdown/word-to-markdown/vendor/bundle/ruby/3.2.0/gems/json-2.15.1/ext/json/ext/parser
make DESTDIR\= sitearchdir\=./.gem.20251021-3460-egpto2 sitelibdir\=./.gem.20251021-3460-egpto2 clean
